
[1m[46m RUN [49m[22m [36mv4.0.16 [39m[90mC:/Users/kangk1/.gemini/antigravity/scratch/proinsight-ai[39m

 [31m??[39m src/constants/prompts.test.ts [2m([22m[2m8 tests[22m[2m | [22m[31m7 failed[39m[2m)[22m[32m 20[2mms[22m[39m
[31m       [31m횞[31m should generate context with minimal inputs[39m[32m 4[2mms[22m[39m
[31m       [31m횞[31m should include file contexts[39m[32m 0[2mms[22m[39m
[31m       [31m횞[31m should include URLs[39m[32m 1[2mms[22m[39m
[31m       [31m횞[31m should include memo[39m[32m 1[2mms[22m[39m
[31m       [31m횞[31m should return a string containing instruction[39m[32m 10[2mms[22m[39m
[31m       [31m횞[31m should prompt for section writing[39m[32m 0[2mms[22m[39m
       [32m??[39m should generate social prompts[32m 0[2mms[22m[39m
[31m       [31m횞[31m should generate SEO analysis prompts[39m[32m 2[2mms[22m[39m
node.exe : 
위치 줄:1 문자:1
+ & "C:\Program Files\nodejs/node.exe" "C:\Program Files\nodejs/no
de_mo ...
+ ~~~~~~~~~~~~~~~~~~~~~~~~~~~~~~~~~~~~~~~~~~~~~~~~~~~~~~~~~~~~~~~~
~~~~~
    + CategoryInfo          : NotSpecified: (:String) [], RemoteE 
   xception
    + FullyQualifiedErrorId : NativeCommandError
 
[31m??렞??렞??렞??[39m[1m[41m Failed Tests 7 [49m[22m[31m??렞??렞
??렞??[39m

[41m[1m FAIL [22m[49m src/constants/prompts.test.ts[2m > [22
mPROMPTS[2m > [22mBASE_CONTEXT[2m > [22mshould generate contex
t with minimal inputs
[31m[1mTypeError[22m: Cannot read properties of undefined (read
ing 'length')[39m
[36m [2m??[22m Object.BASE_CONTEXT src/constants/prompts.ts:[2m
106:18[22m[39m
    [90m104| [39m            context += `\n\n[USER MEMO]: \n"${m
emo}"\n(Prioritize this??    [90m105| [39m        }
    [90m106| [39m        [35mif[39m (urls[33m.[39mlength [3
3m>[39m [34m0[39m) {
    [90m   | [39m                 [31m^[39m
    [90m107| [39m            context += `\nSOURCE URLs(For refer
ence only): \n${urls.jo??    [90m108| [39m        }
[90m [2m??[22m src/constants/prompts.test.ts:[2m8:36[22m[39m

[31m[2m??렞??렞??렞??렞??렞??렞??렞??렞??렞??렞??렞??렞[1/7]??[22m[39m

[41m[1m FAIL [22m[49m src/constants/prompts.test.ts[2m > [22
mPROMPTS[2m > [22mBASE_CONTEXT[2m > [22mshould include file co
ntexts
[31m[1mTypeError[22m: Cannot read properties of undefined (read
ing 'length')[39m
[36m [2m??[22m Object.BASE_CONTEXT src/constants/prompts.ts:[2m
106:18[22m[39m
    [90m104| [39m            context += `\n\n[USER MEMO]: \n"${m
emo}"\n(Prioritize this??    [90m105| [39m        }
    [90m106| [39m        [35mif[39m (urls[33m.[39mlength [3
3m>[39m [34m0[39m) {
    [90m   | [39m                 [31m^[39m
    [90m107| [39m            context += `\nSOURCE URLs(For refer
ence only): \n${urls.jo??    [90m108| [39m        }
[90m [2m??[22m src/constants/prompts.test.ts:[2m16:36[22m[39m

[31m[2m??렞??렞??렞??렞??렞??렞??렞??렞??렞??렞??렞??렞[2/7]??[22m[39m

[41m[1m FAIL [22m[49m src/constants/prompts.test.ts[2m > [22
mPROMPTS[2m > [22mBASE_CONTEXT[2m > [22mshould include URLs
[31m[1mTypeError[22m: Cannot read properties of undefined (read
ing 'length')[39m
[36m [2m??[22m Object.BASE_CONTEXT src/constants/prompts.ts:[2m
106:18[22m[39m
    [90m104| [39m            context += `\n\n[USER MEMO]: \n"${m
emo}"\n(Prioritize this??    [90m105| [39m        }
    [90m106| [39m        [35mif[39m (urls[33m.[39mlength [3
3m>[39m [34m0[39m) {
    [90m   | [39m                 [31m^[39m
    [90m107| [39m            context += `\nSOURCE URLs(For refer
ence only): \n${urls.jo??    [90m108| [39m        }
[90m [2m??[22m src/constants/prompts.test.ts:[2m23:36[22m[39m

[31m[2m??렞??렞??렞??렞??렞??렞??렞??렞??렞??렞??렞??렞[3/7]??[22m[39m

[41m[1m FAIL [22m[49m src/constants/prompts.test.ts[2m > [22
mPROMPTS[2m > [22mBASE_CONTEXT[2m > [22mshould include memo
[31m[1mTypeError[22m: Cannot read properties of undefined (read
ing 'length')[39m
[36m [2m??[22m Object.BASE_CONTEXT src/constants/prompts.ts:[2m
106:18[22m[39m
    [90m104| [39m            context += `\n\n[USER MEMO]: \n"${m
emo}"\n(Prioritize this??    [90m105| [39m        }
    [90m106| [39m        [35mif[39m (urls[33m.[39mlength [3
3m>[39m [34m0[39m) {
    [90m   | [39m                 [31m^[39m
    [90m107| [39m            context += `\nSOURCE URLs(For refer
ence only): \n${urls.jo??    [90m108| [39m        }
[90m [2m??[22m src/constants/prompts.test.ts:[2m30:36[22m[39m

[31m[2m??렞??렞??렞??렞??렞??렞??렞??렞??렞??렞??렞??렞[4/7]??[22m[39m

[41m[1m FAIL [22m[49m src/constants/prompts.test.ts[2m > [22
mPROMPTS[2m > [22mOUTLINE[2m > [22mshould return a string cont
aining instruction
[31m[1mAssertionError[22m: expected '\n    Current Date: AI Tre
nds\n    \n?? to contain '釉붾줈洹?湲 ?앹꽦???꾪븳 媛쒖슂(Outline)瑜??묒꽦?댁쨾'[
39m

[32m- Expected[39m
[31m+ Received[39m

[32m- 釉붾줈洹?湲 ?앹꽦???꾪븳 媛쒖슂(Outline)瑜??묒꽦?댁쨾[39m
[31m+[39m
[31m+     Current Date: AI Trends[39m
[31m+     [39m
[31m+     You are a professional content strategist specializing 
in high-traffic blogs.[39m
[31m+       Task: Create a blog post outline for the topic: "unde
fined".[39m
[31m+       [39m
[31m+       1. **Title**: Create a **Viral, Click-worthy, and SEO
-optimized** title.[39m
[31m+          - **CRITICAL**: The Title MUST include the exact k
eyword: "undefined".[39m
[31m+         - It must be provocative, benefit-driven, or a list
icle (e.g., "Top 5...", "Why you are wrong about...", "The Ultimat
e Guide to...").[39m
[31m+         - Maximize curiosity and click-through rate (CTR).
[39m
[31m+       [39m
[31m+       2. **Target Audience & Keywords**:[39m
[31m+         - Define the **Target Audience Persona** (e.g., Beg
inners, Experts).[39m
[31m+         - List 3-5 **Primary & LSI Keywords** for SEO.[39m
[31m+       [39m
[31m+       3. **Sections**: Create 5-7 logical sections.[39m
[31m+       [39m
[31m+       **CRITICAL INSTRUCTION FOR SPECIFICITY**:[39m
[31m+       - If the topic refers to a specific industry or group
 (e.g., "Big Tech", "K-Pop", "EV Market"), you MUST identify 3-5 S
PECIFIC real-world entities (companies, people, products) to focus
 on.[39m
[31m+       - Create sections that specifically analyze these ent
ities. Do not just use generic headers like "Market Trends". Use h
eaders like "Microsoft: Copilot's Expansion" or "Tesla: New Model 
Launch".[39m
[31m+       - **CRITICAL**: The `sections` array must contain ONL
Y STRINGS. Do NOT return objects (e.g., no { "title": ... }). Just
 simple strings.[39m
[31m+       [39m
[31m+       The output must be in Korean.[39m
[31m+       [39m
[31m+       **CRITICAL OUTPUT FORMAT**:[39m
[31m+       Return strictly a JSON object. Do not include markdow
n formatting.[39m
[31m+     {[39m
[31m+       "title": "String",[39m
[31m+       "sections": ["String", "String", ...][39m
[31m+     }[39m
[31m+   [39m

[36m [2m??[22m src/constants/prompts.test.ts:[2m39:28[22m[39m
    [90m 37| [39m        [34mit[39m([32m'should return a stri
ng containing instruction'[39m[33m,[39m () [33m=>[39m {
    [90m 38| [39m            [35mconst[39m result [33m=[39m 
[33mPROMPTS[39m[33m.[39m[33mOUTLINE[39m([32m'AI Trends'[39
m)[33m;[39m
    [90m 39| [39m            [34mexpect[39m(result)[33m.[39m
[34mtoContain[39m([32m'釉붾줈洹?湲 ?앹꽦???꾪븳 媛쒖슂(Outline)瑜??묒꽦?댁쨾'[
39m)[33m;[39m
    [90m   | [39m                           [31m^[39m
    [90m 40| [39m            [34mexpect[39m(result)[33m.[39m
[34mtoContain[39m([32m'AI Trends'[39m)[33m;[39m
    [90m 41| [39m        })[33m;[39m

[31m[2m??렞??렞??렞??렞??렞??렞??렞??렞??렞??렞??렞??렞[5/7]??[22m[39m

[41m[1m FAIL [22m[49m src/constants/prompts.test.ts[2m > [22
mPROMPTS[2m > [22mSECTION[2m > [22mshould prompt for section w
riting
[31m[1mTypeError[22m: outlineSections.join is not a function[3
9m
[36m [2m??[22m Object.SECTION src/constants/prompts.ts:[2m134:4
8[22m[39m
    [90m132| [39m
    [90m133| [39m    Task: Write the content for the section: "
[39m[36m${[39msection[36m}[39m[32m".
    [90m134| [39m      Context(Full Outline): [39m[36m${[39mo
utlineSections[33m.[39m[34mjoin[39m([32m", "[39m)[36m}[39m
[32m
    [90m   | [39m                                               
[31m^[39m
    [90m135| [39m
    [90m136| [39m    Instructions:
[90m [2m??[22m src/constants/prompts.test.ts:[2m47:36[22m[39m

[31m[2m??렞??렞??렞??렞??렞??렞??렞??렞??렞??렞??렞??렞[6/7]??[22m[39m

[41m[1m FAIL [22m[49m src/constants/prompts.test.ts[2m > [22
mPROMPTS[2m > [22mSEO_ANALYSIS[2m > [22mshould generate SEO an
alysis prompts
[31m[1mAssertionError[22m: expected '\n    Title\n    \n    Tas
k: Analyze ?? to contain 'SEO ?먯닔(0~100)'[39m

[32m- Expected[39m
[31m+ Received[39m

[32m- SEO ?먯닔(0~100)[39m
[31m+[39m
[31m+     Title[39m
[31m+     [39m
[31m+     Task: Analyze the following blog post and identify exac
tly 3 critical weaknesses that serve as barriers to viral growth o
r reader retention.[39m
[31m+     [39m
[31m+     Target Keyword: "Content"[39m
[31m+     Context Language: English[39m
[31m+     [39m
[31m+     Evaluate based on these 3 criteria:[39m
[31m+     1. **The Hook (First 3 seconds)**: Does the opening gra
b attention immediately? Is it boring?[39m
[31m+     2. **Scannability (Mobile Experience)**: Is there a "Wa
ll of Text"? Are sentences too long?[39m
[31m+     3. **Viral Trigger / Authority**: Is there a reason to 
share this? (Emotion, Utility, or Insight).[39m
[31m+     [39m
[31m+     Output JSON format (Strict Array of Objects):[39m
[31m+     [[39m
[31m+       {[39m
[31m+         "issue": "Short name of the issue (e.g., 'Weak Hook
', 'Wall of Text', 'Robotic Tone') (in English)",[39m
[31m+         "original": "The exact sentence/segment causing the
 issue (max 50 chars)",[39m
[31m+         "suggestion": "Specific, actionable advice on HOW t
o fix it. Be direct but helpful. (in English)",[39m

[2m Test Files [22m [1m[31m1 failed[39m[22m[90m (1)[39m
[2m      Tests [22m [1m[31m7 failed[39m[22m[2m | [22m[1m[32m1 passed[39m[22m[90m (8)[39m
[2m   Start at [22m 01:21:24
[2m   Duration [22m 653ms[2m (transform 56ms, setup 0ms, import 91ms, tests 20ms, environment 0ms)[22m

[31m+         "rewrite": "A perfect, polished rewrite of the segm
ent that the user can use immediately."[39m
[31m+       }[39m
[31m+     ][39m
[31m+     [39m
[31m+     **CRITICAL INSTRUCTION**:[39m
[31m+     - If Context Language is Korean, 'issue' and 'suggestio
n' MUST be in Korean.[39m
[31m+     - If Context Language is English, they MUST be treated 
in English.[39m
[31m+     - Do NOT output markdown code blocks (like ```json). Ju
st the raw JSON.[39m
[31m+     [39m
[31m+     Content to analyze:[39m
[31m+     "ko..." [39m
[31m+   [39m

[36m [2m??[22m src/constants/prompts.test.ts:[2m66:28[22m[39m
    [90m 64| [39m        [34mit[39m([32m'should generate SEO 
analysis prompts'[39m[33m,[39m () [33m=>[39m {
    [90m 65| [39m            const result = PROMPTS.SEO_ANALYSIS
('Title', 'Content', 'K??    [90m 66| [39m            [34mexpec
t[39m(result)[33m.[39m[34mtoContain[39m([32m'SEO ?먯닔(0~100)'
[39m)[33m;[39m
    [90m   | [39m                           [31m^[39m
    [90m 67| [39m            expect(result).toContain('Professio
nal'); // Check tone in??    [90m 68| [39m        })[33m;[39m

[31m[2m??렞??렞??렞??렞??렞??렞??렞??렞??렞??렞??렞??렞[7/7]??[22m[39m

